// Jest Snapshot v1, https://goo.gl/fbAQLP

exports[`Pruebas en <GifItem /> Debe hacer match con el snapshot 1`] = `
<div>
  <div
    class="card"
  >
    <img
      alt="Taylor"
      src="https://taylorswift.com"
    />
    <p>
      Taylor
    </p>
  </div>
</div>
`;
